L 1 "src\stm32f4xx_it.c"
N/**
N  ******************************************************************************
N  * @file    Project/STM32F4xx_StdPeriph_Template/stm32f4xx_it.c
N  * @author  MCD Application Team
N  * @version V1.0.0
N  * @date    30-September-2011
N  * @brief   Main Interrupt Service Routines.
N  *          This file provides template for all exceptions handler and
N  *          peripherals interrupt service routine.
N  ******************************************************************************
N  * @attention
N  *
N  * THE PRESENT FIRMWARE WHICH IS FOR GUIDANCE ONLY AIMS AT PROVIDING CUSTOMERS
N  * WITH CODING INFORMATION REGARDING THEIR PRODUCTS IN ORDER FOR THEM TO SAVE
N  * TIME. AS A RESULT, STMICROELECTRONICS SHALL NOT BE HELD LIABLE FOR ANY
N  * DIRECT, INDIRECT OR CONSEQUENTIAL DAMAGES WITH RESPECT TO ANY CLAIMS ARISING
N  * FROM THE CONTENT OF SUCH FIRMWARE AND/OR THE USE MADE BY CUSTOMERS OF THE
N  * CODING INFORMATION CONTAINED HEREIN IN CONNECTION WITH THEIR PRODUCTS.
N  *
N  * <h2><center>&copy; COPYRIGHT 2011 STMicroelectronics</center></h2>
N  ******************************************************************************
N  */
N
N/* Includes ------------------------------------------------------------------*/
N#include "stm32f4xx_it.h"
L 1 ".\inc\stm32f4xx_it.h" 1
N/**
N  ******************************************************************************
N  * @file    Project/STM32F4xx_StdPeriph_Templates/stm32f4xx_it.h 
N  * @author  MCD Application Team
N  * @version V1.0.0
N  * @date    30-September-2011
N  * @brief   This file contains the headers of the interrupt handlers.
N  ******************************************************************************
N  * @attention
N  *
N  * THE PRESENT FIRMWARE WHICH IS FOR GUIDANCE ONLY AIMS AT PROVIDING CUSTOMERS
N  * WITH CODING INFORMATION REGARDING THEIR PRODUCTS IN ORDER FOR THEM TO SAVE
N  * TIME. AS A RESULT, STMICROELECTRONICS SHALL NOT BE HELD LIABLE FOR ANY
N  * DIRECT, INDIRECT OR CONSEQUENTIAL DAMAGES WITH RESPECT TO ANY CLAIMS ARISING
N  * FROM THE CONTENT OF SUCH FIRMWARE AND/OR THE USE MADE BY CUSTOMERS OF THE
N  * CODING INFORMATION CONTAINED HEREIN IN CONNECTION WITH THEIR PRODUCTS.
N  *
N  * <h2><center>&copy; COPYRIGHT 2011 STMicroelectronics</center></h2>
N  ******************************************************************************
N  */ 
N
N/* Define to prevent recursive inclusion -------------------------------------*/
N#ifndef __STM32F4xx_IT_H
N#define __STM32F4xx_IT_H
N
N#ifdef __cplusplus
S extern "C" {
N#endif 
N
N/* Includes ------------------------------------------------------------------*/
N//#include "stm32f4xx.h"
N
N/* Exported types ------------------------------------------------------------*/
N/* Exported constants --------------------------------------------------------*/
N/* Exported macro ------------------------------------------------------------*/
N/* Exported functions ------------------------------------------------------- */
N
Nvoid NMI_Handler(void);
Nvoid HardFault_Handler(void);
Nvoid MemManage_Handler(void);
Nvoid BusFault_Handler(void);
Nvoid UsageFault_Handler(void);
Nvoid SVC_Handler(void);
Nvoid DebugMon_Handler(void);
Nvoid PendSV_Handler(void);
Nvoid SysTick_Handler(void);
N
N#ifdef __cplusplus
S}
N#endif
N
N#endif /* __STM32F4xx_IT_H */
N
N/******************* (C) COPYRIGHT 2011 STMicroelectronics *****END OF FILE****/
L 26 "src\stm32f4xx_it.c" 2
N
N/** @addtogroup Template_Project
N  * @{
N  */
N
N/* Private typedef -----------------------------------------------------------*/
N/* Private define ------------------------------------------------------------*/
N/* Private macro -------------------------------------------------------------*/
N/* Private variables ---------------------------------------------------------*/
N/* Private function prototypes -----------------------------------------------*/
N/* Private functions ---------------------------------------------------------*/
N
N/******************************************************************************/
N/*            Cortex-M4 Processor Exceptions Handlers                         */
N/******************************************************************************/
N
N/**
N  * @brief   This function handles NMI exception.
N  * @param  None
N  * @retval None
N  */
Nvoid NMI_Handler(void)
N{
N}
N
N/**
N  * @brief  This function handles Hard Fault exception.
N  * @param  None
N  * @retval None
N  */
Nvoid HardFault_Handler(void)
N{
N  /* Go to infinite loop when Hard Fault exception occurs */
N  while (1)
N  {
N  }
N}
N
N/**
N  * @brief  This function handles Memory Manage exception.
N  * @param  None
N  * @retval None
N  */
Nvoid MemManage_Handler(void)
N{
N  /* Go to infinite loop when Memory Manage exception occurs */
N  while (1)
N  {
N  }
N}
N
N/**
N  * @brief  This function handles Bus Fault exception.
N  * @param  None
N  * @retval None
N  */
Nvoid BusFault_Handler(void)
N{
N  /* Go to infinite loop when Bus Fault exception occurs */
N  while (1)
N  {
N  }
N}
N
N/**
N  * @brief  This function handles Usage Fault exception.
N  * @param  None
N  * @retval None
N  */
Nvoid UsageFault_Handler(void)
N{
N  /* Go to infinite loop when Usage Fault exception occurs */
N  while (1)
N  {
N  }
N}
N
N/**
N  * @brief  This function handles SVCall exception.
N  * @param  None
N  * @retval None
N  */
N/*__weak void SVC_Handler(void)
N{
N}*/
N
N/**
N  * @brief  This function handles Debug Monitor exception.
N  * @param  None
N  * @retval None
N  */
Nvoid DebugMon_Handler(void)
N{
N}
N
N
N/**
N  * @brief  This function handles PendSVC exception.
N  * @param  None
N  * @retval None
N  */
N/*__weak void PendSV_Handler(void)
N{
N}*/
N
N/**
N  * @brief  This function handles SysTick Handler.
N  * @param  None
N  * @retval None
N  */
N/*__weak void SysTick_Handler(void)
N{
N
N}*/
N
N/**
N  * @brief  This function handles EXTI 3 interrupt request.
N  * @param  None
N  * @retval None
N  */
N/*__weak void EXTI9_5_IRQHandler(void)
N{
N}*/
N
N/**
N  * @brief  This function handles EXTI 15-10 interrupt request.
N  * @param  None
N  * @retval None
N  */
N/*__weak void EXTI15_10_IRQHandler(void)
N{
N}*/
N
N/******************* (C) COPYRIGHT 2011 STMicroelectronics *****END OF FILE****/
